[debug] [2025-10-08T09:56:11.143Z] ----------------------------------------------------------------------
[debug] [2025-10-08T09:56:11.148Z] Command:       C:\Program Files\nodejs\node.exe C:\Users\gatew\AppData\Roaming\npm\node_modules\firebase-tools\lib\bin\firebase.js emulators:start --only functions:default firestore
[debug] [2025-10-08T09:56:11.148Z] CLI Version:   14.19.0
[debug] [2025-10-08T09:56:11.148Z] Platform:      win32
[debug] [2025-10-08T09:56:11.148Z] Node Version:  v22.16.0
[debug] [2025-10-08T09:56:11.149Z] Time:          Wed Oct 08 2025 15:26:11 GMT+0530 (India Standard Time)
[debug] [2025-10-08T09:56:11.149Z] ----------------------------------------------------------------------
[debug] 
[debug] [2025-10-08T09:56:11.519Z] > command requires scopes: ["email","openid","https://www.googleapis.com/auth/cloudplatformprojects.readonly","https://www.googleapis.com/auth/firebase","https://www.googleapis.com/auth/cloud-platform"]
[debug] [2025-10-08T09:56:11.519Z] > authorizing via signed-in user (developmentgateway111@gmail.com)
[info] i  emulators: Starting emulators: functions {"metadata":{"emulator":{"name":"hub"},"message":"Starting emulators: functions"}}
[debug] [2025-10-08T09:56:11.536Z] [logging] Logging Emulator only supports listening on one address (127.0.0.1). Not listening on ::1
[debug] [2025-10-08T09:56:11.536Z] assigned listening specs for emulators {"user":{"hub":[{"address":"127.0.0.1","family":"IPv4","port":4400},{"address":"::1","family":"IPv6","port":4400}],"ui":[{"address":"127.0.0.1","family":"IPv4","port":4000},{"address":"::1","family":"IPv6","port":4000}],"logging":[{"address":"127.0.0.1","family":"IPv4","port":4500}]},"metadata":{"message":"assigned listening specs for emulators"}}
[debug] [2025-10-08T09:56:11.543Z] Emulator locator file path: C:\Users\gatew\AppData\Local\Temp\hub-play-arena-e83d8.json
[debug] [2025-10-08T09:56:11.544Z] [hub] writing locator at C:\Users\gatew\AppData\Local\Temp\hub-play-arena-e83d8.json
[debug] [2025-10-08T09:56:11.598Z] [functions] Functions Emulator only supports listening on one address (127.0.0.1). Not listening on ::1
[debug] [2025-10-08T09:56:11.599Z] [eventarc] Eventarc Emulator only supports listening on one address (127.0.0.1). Not listening on ::1
[debug] [2025-10-08T09:56:11.599Z] [tasks] Cloud Tasks Emulator only supports listening on one address (127.0.0.1). Not listening on ::1
[debug] [2025-10-08T09:56:11.599Z] late-assigned ports for functions and eventarc emulators {"user":{"hub":[{"address":"127.0.0.1","family":"IPv4","port":4400},{"address":"::1","family":"IPv6","port":4400}],"ui":[{"address":"127.0.0.1","family":"IPv4","port":4000},{"address":"::1","family":"IPv6","port":4000}],"logging":[{"address":"127.0.0.1","family":"IPv4","port":4500}],"functions":[{"address":"127.0.0.1","family":"IPv4","port":5001}],"eventarc":[{"address":"127.0.0.1","family":"IPv4","port":9299}],"tasks":[{"address":"127.0.0.1","family":"IPv4","port":9499}]},"metadata":{"message":"late-assigned ports for functions and eventarc emulators"}}
[warn] !  functions: The following emulators are not running, calls to these services from the Functions emulator will affect production: apphosting, auth, firestore, database, hosting, pubsub, storage, dataconnect {"metadata":{"emulator":{"name":"functions"},"message":"The following emulators are not running, calls to these services from the Functions emulator will affect production: \u001b[1mapphosting, auth, firestore, database, hosting, pubsub, storage, dataconnect\u001b[22m"}}
[debug] [2025-10-08T09:56:11.624Z] defaultcredentials: writing to file C:\Users\gatew\AppData\Roaming\firebase\developmentgateway111_gmail_com_application_default_credentials.json
[debug] [2025-10-08T09:56:11.626Z] Setting GAC to C:\Users\gatew\AppData\Roaming\firebase\developmentgateway111_gmail_com_application_default_credentials.json {"metadata":{"emulator":{"name":"functions"},"message":"Setting GAC to C:\\Users\\gatew\\AppData\\Roaming\\firebase\\developmentgateway111_gmail_com_application_default_credentials.json"}}
[debug] [2025-10-08T09:56:11.629Z] Checked if tokens are valid: false, expires at: 1759918198501
[debug] [2025-10-08T09:56:11.629Z] Checked if tokens are valid: false, expires at: 1759918198501
[debug] [2025-10-08T09:56:11.630Z] > refreshing access token with scopes: []
[debug] [2025-10-08T09:56:11.633Z] >>> [apiv2][query] POST https://www.googleapis.com/oauth2/v3/token [none]
[debug] [2025-10-08T09:56:11.633Z] >>> [apiv2][body] POST https://www.googleapis.com/oauth2/v3/token [omitted]
[debug] [2025-10-08T09:56:12.019Z] <<< [apiv2][status] POST https://www.googleapis.com/oauth2/v3/token 200
[debug] [2025-10-08T09:56:12.019Z] <<< [apiv2][body] POST https://www.googleapis.com/oauth2/v3/token [omitted]
[debug] [2025-10-08T09:56:12.042Z] >>> [apiv2][query] GET https://firebase.googleapis.com/v1beta1/projects/play-arena-e83d8/adminSdkConfig [none]
[debug] [2025-10-08T09:56:13.203Z] <<< [apiv2][status] GET https://firebase.googleapis.com/v1beta1/projects/play-arena-e83d8/adminSdkConfig 200
[debug] [2025-10-08T09:56:13.203Z] <<< [apiv2][body] GET https://firebase.googleapis.com/v1beta1/projects/play-arena-e83d8/adminSdkConfig {"projectId":"play-arena-e83d8","storageBucket":"play-arena-e83d8.firebasestorage.app"}
[info] i  functions: Watching "D:\Projects\bookyourturf\functions" for Cloud Functions... {"metadata":{"emulator":{"name":"functions"},"message":"Watching \"D:\\Projects\\bookyourturf\\functions\" for Cloud Functions..."}}
[debug] [2025-10-08T09:56:13.249Z] Validating nodejs source
[debug] [2025-10-08T09:56:14.997Z] > [functions] package.json contents: {
  "name": "functions",
  "scripts": {
    "build": "tsc",
    "build:watch": "tsc --watch",
    "serve": "npm run build && firebase emulators:start --only functions",
    "shell": "npm run build && firebase functions:shell",
    "start": "npm run shell",
    "deploy": "firebase deploy --only functions",
    "logs": "firebase functions:log"
  },
  "engines": {
    "node": "22"
  },
  "main": "lib/index.js",
  "dependencies": {
    "firebase-admin": "^12.6.0",
    "firebase-functions": "^6.0.1"
  },
  "devDependencies": {
    "firebase-functions-test": "^3.1.0",
    "typescript": "^5.7.3"
  },
  "private": true
}
[debug] [2025-10-08T09:56:14.997Z] Building nodejs source
[debug] [2025-10-08T09:56:14.997Z] Failed to find version of module node: reached end of search path D:\Projects\bookyourturf\functions\node_modules
[info] +  functions: Using node@22 from host. 
[debug] [2025-10-08T09:56:15.001Z] Could not find functions.yaml. Must use http discovery
[debug] [2025-10-08T09:56:15.017Z] Found firebase-functions binary at 'D:\Projects\bookyourturf\functions\node_modules\.bin\firebase-functions'
[info] Serving at port 8659

[debug] [2025-10-08T09:56:16.151Z] Got response from /__/functions.yaml {"endpoints":{"getAvailableDates":{"availableMemoryMb":null,"timeoutSeconds":null,"minInstances":null,"maxInstances":null,"ingressSettings":null,"concurrency":null,"serviceAccountEmail":null,"vpc":null,"platform":"gcfv2","labels":{},"httpsTrigger":{},"entryPoint":"getAvailableDates"}},"specVersion":"v1alpha1","requiredAPIs":[],"extensions":{}}
[info] +  functions: Loaded functions definitions from source: getAvailableDates. {"metadata":{"emulator":{"name":"functions"},"message":"Loaded functions definitions from source: getAvailableDates."}}
[info] +  functions[us-central1-getAvailableDates]: http function initialized (http://127.0.0.1:5001/play-arena-e83d8/us-central1/getAvailableDates). {"metadata":{"emulator":{"name":"functions"},"message":"\u001b[1mhttp\u001b[22m function initialized (http://127.0.0.1:5001/play-arena-e83d8/us-central1/getAvailableDates)."}}
[debug] [2025-10-08T09:56:20.213Z] Could not find VSCode notification endpoint: FetchError: request to http://localhost:40001/vscode/notify failed, reason: . If you are not running the Firebase Data Connect VSCode extension, this is expected and not an issue.
[info] 
┌─────────────────────────────────────────────────────────────┐
│ ✔  All emulators ready! It is now safe to connect your app. │
│ i  View Emulator UI at http://127.0.0.1:4000/               │
└─────────────────────────────────────────────────────────────┘

┌───────────┬────────────────┬─────────────────────────────────┐
│ Emulator  │ Host:Port      │ View in Emulator UI             │
├───────────┼────────────────┼─────────────────────────────────┤
│ Functions │ 127.0.0.1:5001 │ http://127.0.0.1:4000/functions │
└───────────┴────────────────┴─────────────────────────────────┘
  Emulator Hub host: 127.0.0.1 port: 4400
  Other reserved ports: 4500

Issues? Report them at https://github.com/firebase/firebase-tools/issues and attach the *-debug.log files.
 
[debug] [2025-10-08T09:57:42.234Z] [work-queue] {"queuedWork":["/play-arena-e83d8/us-central1/getAvailableDates-2025-10-08T09:57:42.234Z"],"queueLength":1,"runningWork":[],"workRunningCount":0}
[debug] [2025-10-08T09:57:42.235Z] [work-queue] {"queuedWork":[],"queueLength":0,"runningWork":["/play-arena-e83d8/us-central1/getAvailableDates-2025-10-08T09:57:42.234Z"],"workRunningCount":1}
[debug] [2025-10-08T09:57:42.235Z] Accepted request GET /play-arena-e83d8/us-central1/getAvailableDates?turfId=TID_Dee_299202510520 --> us-central1-getAvailableDates
[debug] [2025-10-08T09:57:42.239Z] [functions] Runtime ready! Sending request! {"metadata":{"emulator":{"name":"functions"},"message":"[functions] Runtime ready! Sending request!"}}
[debug] [2025-10-08T09:57:42.239Z] [functions] Got req.url=/play-arena-e83d8/us-central1/getAvailableDates?turfId=TID_Dee_299202510520, mapping to path=/?turfId=TID_Dee_299202510520 {"metadata":{"emulator":{"name":"functions"},"message":"[functions] Got req.url=/play-arena-e83d8/us-central1/getAvailableDates?turfId=TID_Dee_299202510520, mapping to path=/?turfId=TID_Dee_299202510520"}}
[debug] [2025-10-08T09:57:42.268Z] [worker-pool] addWorker(us-central1-getAvailableDates) {"metadata":{"emulator":{"name":"functions"},"message":"[worker-pool] addWorker(us-central1-getAvailableDates)"}}
[debug] [2025-10-08T09:57:42.269Z] [worker-pool] Adding worker with key us-central1-getAvailableDates, total=1 {"metadata":{"emulator":{"name":"functions"},"message":"[worker-pool] Adding worker with key us-central1-getAvailableDates, total=1"}}
[debug] [2025-10-08T09:57:44.372Z] [runtime-status] [16936] Resolved module firebase-admin {"declared":true,"installed":true,"version":"12.7.0","resolution":"D:\\Projects\\bookyourturf\\functions\\node_modules\\firebase-admin\\lib\\index.js"} {"metadata":{"emulator":{"name":"functions"},"function":{"name":"us-central1-getAvailableDates"},"extension":{},"message":"[runtime-status] [16936] Resolved module firebase-admin {\"declared\":true,\"installed\":true,\"version\":\"12.7.0\",\"resolution\":\"D:\\\\Projects\\\\bookyourturf\\\\functions\\\\node_modules\\\\firebase-admin\\\\lib\\\\index.js\"}"}}
[debug] [2025-10-08T09:57:44.374Z] [runtime-status] [16936] Resolved module firebase-functions {"declared":true,"installed":true,"version":"6.4.0","resolution":"D:\\Projects\\bookyourturf\\functions\\node_modules\\firebase-functions\\lib\\v2\\index.js"} {"metadata":{"emulator":{"name":"functions"},"function":{"name":"us-central1-getAvailableDates"},"extension":{},"message":"[runtime-status] [16936] Resolved module firebase-functions {\"declared\":true,\"installed\":true,\"version\":\"6.4.0\",\"resolution\":\"D:\\\\Projects\\\\bookyourturf\\\\functions\\\\node_modules\\\\firebase-functions\\\\lib\\\\v2\\\\index.js\"}"}}
[debug] [2025-10-08T09:57:44.376Z] [runtime-status] [16936] Outgoing network have been stubbed. [{"name":"http","status":"mocked"},{"name":"http","status":"mocked"},{"name":"https","status":"mocked"},{"name":"https","status":"mocked"},{"name":"net","status":"mocked"}] {"metadata":{"emulator":{"name":"functions"},"function":{"name":"us-central1-getAvailableDates"},"extension":{},"message":"[runtime-status] [16936] Outgoing network have been stubbed. [{\"name\":\"http\",\"status\":\"mocked\"},{\"name\":\"http\",\"status\":\"mocked\"},{\"name\":\"https\",\"status\":\"mocked\"},{\"name\":\"https\",\"status\":\"mocked\"},{\"name\":\"net\",\"status\":\"mocked\"}]"}}
[debug] [2025-10-08T09:57:44.379Z] [runtime-status] [16936] Resolved module firebase-functions {"declared":true,"installed":true,"version":"6.4.0","resolution":"D:\\Projects\\bookyourturf\\functions\\node_modules\\firebase-functions\\lib\\v2\\index.js"} {"metadata":{"emulator":{"name":"functions"},"function":{"name":"us-central1-getAvailableDates"},"extension":{},"message":"[runtime-status] [16936] Resolved module firebase-functions {\"declared\":true,\"installed\":true,\"version\":\"6.4.0\",\"resolution\":\"D:\\\\Projects\\\\bookyourturf\\\\functions\\\\node_modules\\\\firebase-functions\\\\lib\\\\v2\\\\index.js\"}"}}
[debug] [2025-10-08T09:57:44.966Z] [runtime-status] [16936] Checked functions.config() {"config":{}} {"metadata":{"emulator":{"name":"functions"},"function":{"name":"us-central1-getAvailableDates"},"extension":{},"message":"[runtime-status] [16936] Checked functions.config() {\"config\":{}}"}}
[debug] [2025-10-08T09:57:44.967Z] [runtime-status] [16936] firebase-functions has been stubbed. {"functionsResolution":{"declared":true,"installed":true,"version":"6.4.0","resolution":"D:\\Projects\\bookyourturf\\functions\\node_modules\\firebase-functions\\lib\\v2\\index.js"}} {"metadata":{"emulator":{"name":"functions"},"function":{"name":"us-central1-getAvailableDates"},"extension":{},"message":"[runtime-status] [16936] firebase-functions has been stubbed. {\"functionsResolution\":{\"declared\":true,\"installed\":true,\"version\":\"6.4.0\",\"resolution\":\"D:\\\\Projects\\\\bookyourturf\\\\functions\\\\node_modules\\\\firebase-functions\\\\lib\\\\v2\\\\index.js\"}}"}}
[debug] [2025-10-08T09:57:44.969Z] [runtime-status] [16936] Resolved module firebase-functions {"declared":true,"installed":true,"version":"6.4.0","resolution":"D:\\Projects\\bookyourturf\\functions\\node_modules\\firebase-functions\\lib\\v2\\index.js"} {"metadata":{"emulator":{"name":"functions"},"function":{"name":"us-central1-getAvailableDates"},"extension":{},"message":"[runtime-status] [16936] Resolved module firebase-functions {\"declared\":true,\"installed\":true,\"version\":\"6.4.0\",\"resolution\":\"D:\\\\Projects\\\\bookyourturf\\\\functions\\\\node_modules\\\\firebase-functions\\\\lib\\\\v2\\\\index.js\"}"}}
[debug] [2025-10-08T09:57:44.982Z] [runtime-status] [16936] Resolved module firebase-admin {"declared":true,"installed":true,"version":"12.7.0","resolution":"D:\\Projects\\bookyourturf\\functions\\node_modules\\firebase-admin\\lib\\index.js"} {"metadata":{"emulator":{"name":"functions"},"function":{"name":"us-central1-getAvailableDates"},"extension":{},"message":"[runtime-status] [16936] Resolved module firebase-admin {\"declared\":true,\"installed\":true,\"version\":\"12.7.0\",\"resolution\":\"D:\\\\Projects\\\\bookyourturf\\\\functions\\\\node_modules\\\\firebase-admin\\\\lib\\\\index.js\"}"}}
[debug] [2025-10-08T09:57:44.985Z] [runtime-status] [16936] Resolved module firebase-functions {"declared":true,"installed":true,"version":"6.4.0","resolution":"D:\\Projects\\bookyourturf\\functions\\node_modules\\firebase-functions\\lib\\v2\\index.js"} {"metadata":{"emulator":{"name":"functions"},"function":{"name":"us-central1-getAvailableDates"},"extension":{},"message":"[runtime-status] [16936] Resolved module firebase-functions {\"declared\":true,\"installed\":true,\"version\":\"6.4.0\",\"resolution\":\"D:\\\\Projects\\\\bookyourturf\\\\functions\\\\node_modules\\\\firebase-functions\\\\lib\\\\v2\\\\index.js\"}"}}
[debug] [2025-10-08T09:57:44.986Z] [runtime-status] [16936] firebase-admin has been stubbed. {"adminResolution":{"declared":true,"installed":true,"version":"12.7.0","resolution":"D:\\Projects\\bookyourturf\\functions\\node_modules\\firebase-admin\\lib\\index.js"}} {"metadata":{"emulator":{"name":"functions"},"function":{"name":"us-central1-getAvailableDates"},"extension":{},"message":"[runtime-status] [16936] firebase-admin has been stubbed. {\"adminResolution\":{\"declared\":true,\"installed\":true,\"version\":\"12.7.0\",\"resolution\":\"D:\\\\Projects\\\\bookyourturf\\\\functions\\\\node_modules\\\\firebase-admin\\\\lib\\\\index.js\"}}"}}
[debug] [2025-10-08T09:57:44.989Z] [runtime-status] [16936] initializeApp(DEFAULT) {"storageBucket":"play-arena-e83d8.firebasestorage.app","projectId":"play-arena-e83d8"} {"metadata":{"emulator":{"name":"functions"},"function":{"name":"us-central1-getAvailableDates"},"extension":{},"message":"[runtime-status] [16936] initializeApp(DEFAULT) {\"storageBucket\":\"play-arena-e83d8.firebasestorage.app\",\"projectId\":\"play-arena-e83d8\"}"}}
[warn] !  functions: The Cloud Firestore emulator is not running, so calls to Firestore will affect production. {"metadata":{"emulator":{"name":"functions"},"function":{"name":"us-central1-getAvailableDates"},"extension":{},"message":"The Cloud Firestore emulator is not running, so calls to Firestore will affect production."}}
[debug] [2025-10-08T09:57:45.001Z] [runtime-status] [16936] Functions runtime initialized. {"cwd":"D:\\Projects\\bookyourturf\\functions","node_version":"22.16.0"} {"metadata":{"emulator":{"name":"functions"},"function":{"name":"us-central1-getAvailableDates"},"extension":{},"message":"[runtime-status] [16936] Functions runtime initialized. {\"cwd\":\"D:\\\\Projects\\\\bookyourturf\\\\functions\",\"node_version\":\"22.16.0\"}"}}
[debug] [2025-10-08T09:57:45.002Z] [runtime-status] [16936] Listening to port: \\?\pipe\fire_emu_41204a33685148ff {"metadata":{"emulator":{"name":"functions"},"function":{"name":"us-central1-getAvailableDates"},"extension":{},"message":"[runtime-status] [16936] Listening to port: \\\\?\\pipe\\fire_emu_41204a33685148ff"}}
[debug] [2025-10-08T09:57:45.130Z] [worker-us-central1-getAvailableDates-69f35ee7-b8a3-480a-8c79-bdcc34947c9c]: IDLE {"metadata":{"emulator":{"name":"functions"},"function":{"name":"us-central1-getAvailableDates"},"extension":{},"message":"[worker-us-central1-getAvailableDates-69f35ee7-b8a3-480a-8c79-bdcc34947c9c]: IDLE"}}
[debug] [2025-10-08T09:57:45.130Z] [worker-pool] submitRequest(triggerId=us-central1-getAvailableDates) {"metadata":{"emulator":{"name":"functions"},"message":"[worker-pool] submitRequest(triggerId=us-central1-getAvailableDates)"}}
[info] i  functions: Beginning execution of "us-central1-getAvailableDates" {"metadata":{"emulator":{"name":"functions"},"function":{"name":"us-central1-getAvailableDates"},"extension":{},"message":"Beginning execution of \"us-central1-getAvailableDates\""}}
[debug] [2025-10-08T09:57:45.132Z] [worker-us-central1-getAvailableDates-69f35ee7-b8a3-480a-8c79-bdcc34947c9c]: BUSY {"metadata":{"emulator":{"name":"functions"},"function":{"name":"us-central1-getAvailableDates"},"extension":{},"message":"[worker-us-central1-getAvailableDates-69f35ee7-b8a3-480a-8c79-bdcc34947c9c]: BUSY"}}
[warn] !  Google API requested!
   - URL: "https://oauth2.googleapis.com/token"
   - Be careful, this may be a production service. {"metadata":{"emulator":{"name":"functions"},"function":{"name":"us-central1-getAvailableDates"},"extension":{},"message":"Google API requested!\n   - URL: \"https://oauth2.googleapis.com/token\"\n   - Be careful, this may be a production service."}}
[debug] [2025-10-08T09:57:46.802Z] Finishing up request with event=pause {"metadata":{"emulator":{"name":"functions"},"function":{"name":"us-central1-getAvailableDates"},"extension":{},"message":"Finishing up request with event=pause"}}
[info] i  functions: Finished "us-central1-getAvailableDates" in 1670.7232ms {"metadata":{"emulator":{"name":"functions"},"function":{"name":"us-central1-getAvailableDates"},"extension":{},"message":"Finished \"us-central1-getAvailableDates\" in 1670.7232ms"}}
[debug] [2025-10-08T09:57:46.804Z] [worker-us-central1-getAvailableDates-69f35ee7-b8a3-480a-8c79-bdcc34947c9c]: IDLE {"metadata":{"emulator":{"name":"functions"},"function":{"name":"us-central1-getAvailableDates"},"extension":{},"message":"[worker-us-central1-getAvailableDates-69f35ee7-b8a3-480a-8c79-bdcc34947c9c]: IDLE"}}
[debug] [2025-10-08T09:57:46.804Z] Finishing up request with event=finish {"metadata":{"emulator":{"name":"functions"},"function":{"name":"us-central1-getAvailableDates"},"extension":{},"message":"Finishing up request with event=finish"}}
[debug] [2025-10-08T09:57:46.804Z] Finishing up request with event=close {"metadata":{"emulator":{"name":"functions"},"function":{"name":"us-central1-getAvailableDates"},"extension":{},"message":"Finishing up request with event=close"}}
[debug] [2025-10-08T09:57:46.805Z] [work-queue] {"queuedWork":[],"queueLength":0,"runningWork":[],"workRunningCount":0}
[debug] [2025-10-10T03:44:14.167Z] Received signal SIGHUP 1
[info]  
[info] i  emulators: Received SIGHUP for the first time. Starting a clean shutdown. 
[info] i  emulators: Please wait for a clean shutdown or send the SIGHUP signal again to stop right now. 
[info] i  emulators: Shutting down emulators. {"metadata":{"emulator":{"name":"hub"},"message":"Shutting down emulators."}}
[info] i  ui: Stopping Emulator UI {"metadata":{"emulator":{"name":"ui"},"message":"Stopping Emulator UI"}}
[info] i  functions: Stopping Functions Emulator {"metadata":{"emulator":{"name":"functions"},"message":"Stopping Functions Emulator"}}
[info] i  eventarc: Stopping Eventarc Emulator {"metadata":{"emulator":{"name":"eventarc"},"message":"Stopping Eventarc Emulator"}}
[info] i  tasks: Stopping Cloud Tasks Emulator {"metadata":{"emulator":{"name":"tasks"},"message":"Stopping Cloud Tasks Emulator"}}
[info] i  hub: Stopping emulator hub {"metadata":{"emulator":{"name":"hub"},"message":"Stopping emulator hub"}}
[debug] [2025-10-10T03:44:14.377Z] Emulator locator file path: C:\Users\gatew\AppData\Local\Temp\hub-play-arena-e83d8.json
[debug] [2025-10-10T03:44:14.384Z] [worker-us-central1-getAvailableDates-69f35ee7-b8a3-480a-8c79-bdcc34947c9c]: exited {"metadata":{"emulator":{"name":"functions"},"function":{"name":"us-central1-getAvailableDates"},"extension":{},"message":"[worker-us-central1-getAvailableDates-69f35ee7-b8a3-480a-8c79-bdcc34947c9c]: exited"}}
[debug] [2025-10-10T03:44:14.391Z] [worker-us-central1-getAvailableDates-69f35ee7-b8a3-480a-8c79-bdcc34947c9c]: FINISHED {"metadata":{"emulator":{"name":"functions"},"function":{"name":"us-central1-getAvailableDates"},"extension":{},"message":"[worker-us-central1-getAvailableDates-69f35ee7-b8a3-480a-8c79-bdcc34947c9c]: FINISHED"}}
[info] i  logging: Stopping Logging Emulator {"metadata":{"emulator":{"name":"logging"},"message":"Stopping Logging Emulator"}}
[debug] [2025-10-10T03:44:14.523Z] Could not find VSCode notification endpoint: FetchError: request to http://localhost:40001/vscode/notify failed, reason: . If you are not running the Firebase Data Connect VSCode extension, this is expected and not an issue.
